src/nns/_reg_engine.py:154: error: Incompatible types in assignment (expression has type "ndarray[tuple[Any, ...], dtype[float64]] | None", variable has type "ndarray[tuple[Any, ...], dtype[float64]]")  [assignment]
src/nns/_reg_engine.py:155: error: Incompatible types in assignment (expression has type "list[str] | None", variable has type "list[str]")  [assignment]
src/nns/_reg_engine.py:854: error: Unused "type: ignore" comment  [unused-ignore]
src/nns/_reg_engine.py:908: error: Returning Any from function declared to return "ndarray[tuple[Any, ...], dtype[float64]]"  [no-any-return]
src/nns/_reg_engine.py:917: error: Returning Any from function declared to return "ndarray[tuple[Any, ...], dtype[float64]]"  [no-any-return]
src/nns/_reg_engine.py:918: error: Returning Any from function declared to return "ndarray[tuple[Any, ...], dtype[float64]]"  [no-any-return]
src/nns/stack.py:165: error: Argument 1 to "RRNG" has incompatible type "int | None"; expected "int"  [arg-type]
src/nns/stack.py:1082: error: Argument 1 to "column_stack" has incompatible type "tuple[ndarray[tuple[Any, ...], dtype[float64]] | None, ndarray[tuple[Any, ...], dtype[float64]] | None]"; expected "Sequence[_SupportsArray[dtype[float64]] | _NestedSequence[_SupportsArray[dtype[float64]]]]"  [arg-type]
src/nns/stack.py:1085: error: Argument 1 to "column_stack" has incompatible type "tuple[ndarray[tuple[Any, ...], dtype[float64]] | None, ndarray[tuple[Any, ...], dtype[float64]] | None]"; expected "Sequence[_SupportsArray[dtype[float64]] | _NestedSequence[_SupportsArray[dtype[float64]]]]"  [arg-type]
src/nns/boost.py:110: error: Argument 1 to "RRNG" has incompatible type "int | None"; expected "int"  [arg-type]
src/nns/boost.py:345: error: Argument 2 to "ix_" has incompatible type "list[int]"; expected "Sequence[_HasDType[dtype[signedinteger[_64Bit]]]] | _HasDType[dtype[signedinteger[_64Bit]]]"  [arg-type]
src/nns/boost.py:345: error: Argument 2 to "ix_" has incompatible type "list[int]"; expected "Sequence[_HasDType[dtype[integer[Any] | numpy.bool[builtins.bool]]]] | _HasDType[dtype[integer[Any] | numpy.bool[builtins.bool]]]"  [arg-type]
src/nns/boost.py:347: error: Argument 2 to "ix_" has incompatible type "list[int]"; expected "Sequence[_HasDType[dtype[signedinteger[_64Bit]]]] | _HasDType[dtype[signedinteger[_64Bit]]]"  [arg-type]
src/nns/boost.py:347: error: Argument 2 to "ix_" has incompatible type "list[int]"; expected "Sequence[_HasDType[dtype[integer[Any] | numpy.bool[builtins.bool]]]] | _HasDType[dtype[integer[Any] | numpy.bool[builtins.bool]]]"  [arg-type]
tests/parity/test_regression.py:1002: error: No overload variant of "assert_allclose" matches argument types "object", "ndarray[tuple[Any, ...], dtype[Any]]", "float"  [call-overload]
tests/parity/test_regression.py:1002: note: Possible overload variants:
tests/parity/test_regression.py:1002: note:     def assert_allclose(actual: _SupportsArray[dtype[numpy.bool[builtins.bool] | integer[Any] | timedelta64[timedelta | int | None]]] | _NestedSequence[_SupportsArray[dtype[numpy.bool[builtins.bool] | integer[Any] | timedelta64[timedelta | int | None]]]] | int | _NestedSequence[int], desired: _SupportsArray[dtype[numpy.bool[builtins.bool] | integer[Any] | timedelta64[timedelta | int | None]]] | _NestedSequence[_SupportsArray[dtype[numpy.bool[builtins.bool] | integer[Any] | timedelta64[timedelta | int | None]]]] | int | _NestedSequence[int], rtol: float = ..., atol: float = ..., equal_nan: bool = ..., err_msg: object = ..., verbose: bool = ..., *, strict: bool = ...) -> None
tests/parity/test_regression.py:1002: note:     def assert_allclose(actual: _SupportsArray[dtype[numpy.bool[builtins.bool] | number[Any, int | float | complex]]] | _NestedSequence[_SupportsArray[dtype[numpy.bool[builtins.bool] | number[Any, int | float | complex]]]] | complex | _NestedSequence[complex] | _SupportsArray[dtype[object_]] | _NestedSequence[_SupportsArray[dtype[object_]]], desired: _SupportsArray[dtype[numpy.bool[builtins.bool] | number[Any, int | float | complex]]] | _NestedSequence[_SupportsArray[dtype[numpy.bool[builtins.bool] | number[Any, int | float | complex]]]] | complex | _NestedSequence[complex] | _SupportsArray[dtype[object_]] | _NestedSequence[_SupportsArray[dtype[object_]]], rtol: float = ..., atol: float = ..., equal_nan: bool = ..., err_msg: object = ..., verbose: bool = ..., *, strict: bool = ...) -> None
tests/parity/test_multivariate_regression.py:404: error: Unused "type: ignore" comment  [unused-ignore]
tests/parity/test_multivariate_regression.py:404: error: No overload variant of "list" matches argument type "object"  [call-overload]
tests/parity/test_multivariate_regression.py:404: note: Error code "call-overload" not covered by "type: ignore[arg-type]" comment
tests/parity/test_multivariate_regression.py:404: note: Possible overload variants:
tests/parity/test_multivariate_regression.py:404: note:     def [_T] list() -> list[_T]
tests/parity/test_multivariate_regression.py:404: note:     def [_T] list(Iterable[_T], /) -> list[_T]
tests/parity/test_multivariate_regression.py:405: error: Unused "type: ignore" comment  [unused-ignore]
tests/parity/test_multivariate_regression.py:405: error: No overload variant of "list" matches argument type "object"  [call-overload]
tests/parity/test_multivariate_regression.py:405: note: Error code "call-overload" not covered by "type: ignore[arg-type]" comment
tests/parity/test_multivariate_regression.py:405: note: Possible overload variants:
tests/parity/test_multivariate_regression.py:405: note:     def [_T] list() -> list[_T]
tests/parity/test_multivariate_regression.py:405: note:     def [_T] list(Iterable[_T], /) -> list[_T]
src/nns/_public_reg.py:42: error: No overload variant of "nns_reg" matches argument types "Any", "Any", "bool", "Any", "Any", "Any", "str | None", "Any", "bool", "bool", "bool", "bool", "float | None", "float", "Any", "bool", "Any", "str", "int | None", "bool", "bool", "list[object] | None", "Any"  [call-overload]
src/nns/_public_reg.py:42: note: Possible overload variants:
src/nns/_public_reg.py:42: note:     def nns_reg(x: ndarray[tuple[Any, ...], dtype[Any]], y: ndarray[tuple[Any, ...], dtype[Any]], *, factor_2_dummy: bool = ..., order: int | Literal['max'] | None = ..., dim_red_method: object | None = ..., tau: object | None = ..., type: str | None = ..., point_est: ndarray[tuple[Any, ...], dtype[float64]] | float | None = ..., return_values: bool = ..., plot: bool = ..., plot_regions: bool = ..., residual_plot: bool = ..., confidence_interval: float | None = ..., threshold: float = ..., n_best: object | None = ..., smooth: bool = ..., noise_reduction: Literal['off', 'mean', 'median', 'mode', 'mode_class'] = ..., dist: str = ..., ncores: int | None = ..., point_only: bool = ..., multivariate_call: Literal[True], class_levels: list[object] | None = ..., factor_levels: Sequence[object] | Sequence[Sequence[object] | None] | None = ...) -> RegPoints
src/nns/_public_reg.py:42: note:     def nns_reg(x: ndarray[tuple[Any, ...], dtype[Any]], y: ndarray[tuple[Any, ...], dtype[Any]], *, factor_2_dummy: bool = ..., order: int | Literal['max'] | None = ..., dim_red_method: object | None = ..., tau: object | None = ..., type: str | None = ..., point_est: ndarray[tuple[Any, ...], dtype[float64]] | float | None = ..., return_values: bool = ..., plot: bool = ..., plot_regions: bool = ..., residual_plot: bool = ..., confidence_interval: float | None = ..., threshold: float = ..., n_best: object | None = ..., smooth: bool = ..., noise_reduction: Literal['off', 'mean', 'median', 'mode', 'mode_class'] = ..., dist: str = ..., ncores: int | None = ..., point_only: bool = ..., multivariate_call: Literal[False] = ..., class_levels: list[object] | None = ..., factor_levels: Sequence[object] | Sequence[Sequence[object] | None] | None = ...) -> RegResult | MRegResult
Found 20 errors in 6 files (checked 169 source files)
OVERALL EXIT CODE: 1
